// Jest Snapshot v1, https://goo.gl/fbAQLP

exports[`testing Rocktes test component renders correctly 1`] = `<div />`;
